// Vitest Snapshot v1, https://vitest.dev/guide/snapshot.html

exports[`Xorshift128Plus > produces deterministic integer sequences for known seeds > xorshift-sequences 1`] = `
{
  "1337": [
    967,
    996,
    746,
    133,
    749,
    229,
    732,
    215,
    188,
    759,
    963,
    598,
    797,
    175,
    824,
    97,
    789,
    218,
    971,
    879,
    914,
    35,
    616,
    857,
    830,
    29,
    965,
    222,
    339,
    627,
    431,
    803,
    517,
    755,
    447,
    946,
    238,
    636,
    68,
    692,
    72,
    516,
    970,
    571,
    714,
    322,
    572,
    677,
    687,
    645,
    202,
    224,
    349,
    852,
    644,
    224,
    482,
    213,
    63,
    647,
    516,
    797,
    745,
    232,
    19,
    664,
    341,
    941,
    924,
    504,
    785,
    730,
    160,
    36,
    844,
    592,
    630,
    297,
    994,
    392,
    149,
    466,
    86,
    448,
    37,
    85,
    11,
    502,
    301,
    68,
    393,
    881,
    838,
    441,
    333,
    867,
    530,
    611,
    528,
    244,
  ],
  "20250920": [
    926,
    460,
    89,
    22,
    565,
    590,
    186,
    204,
    780,
    43,
    181,
    838,
    396,
    686,
    858,
    42,
    996,
    713,
    93,
    114,
    944,
    646,
    158,
    128,
    220,
    72,
    392,
    621,
    450,
    69,
    147,
    779,
    217,
    803,
    447,
    582,
    57,
    565,
    558,
    892,
    444,
    250,
    585,
    712,
    155,
    172,
    17,
    362,
    497,
    833,
    226,
    255,
    645,
    924,
    834,
    950,
    706,
    351,
    367,
    145,
    433,
    878,
    59,
    4,
    915,
    403,
    411,
    273,
    792,
    901,
    574,
    737,
    828,
    36,
    534,
    330,
    774,
    973,
    518,
    403,
    704,
    212,
    389,
    657,
    447,
    318,
    41,
    875,
    70,
    644,
    696,
    709,
    858,
    991,
    904,
    803,
    419,
    209,
    992,
    44,
  ],
  "42": [
    378,
    875,
    270,
    240,
    691,
    800,
    136,
    294,
    930,
    837,
    391,
    908,
    55,
    458,
    693,
    14,
    361,
    626,
    480,
    4,
    585,
    158,
    240,
    156,
    448,
    882,
    225,
    457,
    950,
    913,
    890,
    231,
    354,
    939,
    210,
    536,
    565,
    60,
    761,
    831,
    763,
    363,
    187,
    529,
    495,
    844,
    93,
    882,
    168,
    793,
    37,
    450,
    658,
    657,
    499,
    766,
    881,
    394,
    559,
    881,
    809,
    791,
    914,
    327,
    595,
    209,
    238,
    587,
    569,
    904,
    910,
    830,
    914,
    831,
    185,
    671,
    425,
    946,
    689,
    660,
    952,
    495,
    625,
    808,
    612,
    473,
    413,
    952,
    561,
    138,
    876,
    646,
    113,
    53,
    803,
    550,
    610,
    884,
    630,
    462,
  ],
}
`;
